
===== TypeScript type-check =====

===== ESLint =====

===== Clean build state =====

===== Build =====
Files:             1137
Lines:           181553
Identifiers:     197407
Symbols:         290592
Types:            75154
Instantiations:  248051
Memory used:    373353K
I/O read:         0.25s
I/O write:        0.20s
Parse time:       1.85s
Bind time:        0.55s
Check time:       4.82s
Emit time:        1.41s
Total time:       8.64s

===== Use-case audit =====
{"level":30,"time":"2026-07-09T03:21:31.145Z","service":"atlas-integrated-backend","script":"use-cases-audit","name":"atlas-integrated-backend-audit","layer":"script","totalUseCases":258,"PRODUCTION_COVERED":46,"MODEL_SUPPORTED":109,"EXCLUDED_INTEGRATION_SCOPE":54,"DOCUMENTED_EXTENSION_POINT":49,"jsonOutputPath":"/mnt/data/atlas-review-work/atlas-integrated-backend/docs/audit/use-case-compliance-audit.json","markdownOutputPath":"/mnt/data/atlas-review-work/atlas-integrated-backend/docs/audit/use-case-compliance-audit.md","msg":"Auditoría de casos de uso generada."}

===== Format audit artifacts =====
docs/audit/use-case-compliance-audit.json 218ms
docs/audit/use-case-compliance-audit.md 510ms

===== Dependency audit =====
